13:59:34 [LogisticRegression] fit ...
13:59:39 [LogisticRegression] fit xong 5.0s
13:59:39 [LogisticRegression] predict xong 0.2s
13:59:50 [KNN] fit ...
13:59:50 [KNN] fit xong 0.4s
14:00:14 [KNN] predict xong 23.7s
14:00:27 [RandomForest] fit ...
14:00:30 [RandomForest] fit xong 3.0s
14:00:31 [RandomForest] predict xong 1.4s
14:00:45 [HistGradientBoosting] fit ...
14:00:47 [HistGradientBoosting] fit xong 2.0s
14:00:48 [HistGradientBoosting] predict xong 1.0s
14:01:06 [val] fit ...
14:01:08 [val] fit xong 2.8s
14:01:19 [val] fit ...
14:01:21 [val] fit xong 1.7s
14:01:30 [val] fit ...
14:01:31 [val] fit xong 1.9s
14:01:40 [val] fit ...
14:01:44 [val] fit xong 3.9s
14:01:51 [val] fit ...
14:01:58 [val] fit xong 7.1s
14:02:06 [val] fit ...
14:02:08 [val] fit xong 2.7s
14:02:19 [val] fit ...
14:02:20 [val] fit xong 1.4s
14:02:29 [LogisticRegression] fit ...
14:02:36 [LogisticRegression] fit xong 6.2s
14:02:49 [LogisticRegression] predict xong 0.3s
14:03:01 [KNN] fit ...
14:03:01 [KNN] fit xong 0.2s
14:03:39 [KNN] predict xong 14.1s
14:03:50 [RandomForest] fit ...
14:03:52 [RandomForest] fit xong 2.3s
14:04:10 [RandomForest] predict xong 2.0s
14:04:20 [HistGradientBoosting] fit ...
14:04:57 [HistGradientBoosting] fit xong 37.4s
14:05:30 [HistGradientBoosting] predict xong 8.0s
14:05:40 [LightGBM] fit ...
14:05:47 [LightGBM] fit xong 6.3s
14:06:16 [LightGBM] predict xong 8.8s
14:06:28 [XGBoost-GPU] fit ...
14:06:41 [XGBoost-GPU] fit xong 13.5s
14:06:57 [XGBoost-GPU] predict xong 0.7s
14:07:37 [XGBoost-GPU (no year)] fit ...
14:07:54 [XGBoost-GPU (no year)] fit xong 17.3s
